--table layout
local layout = {
	{
		{15, 15, 15, 15, 15, 15, 15, 15, 15, 15, 15, 15, 15, 15, 15, 15, 15, 15, 15, 15},
		{15,  1,  1,  1,  1,  1,  1,  1,  1,  1,  1,  1,  1,  1,  1,  1,  1,  1,  1, 15},
		{15,  1,  1,  1,  1,  1,  1,  1,  1,  1,  1,  1,  1,  1,  1,  1,  1,  1,  1, 15},
		{15,  1,  1,  1,  1,  1,  1,  1,  1,  1,  1,  1,  1,  1,  1,  1,  1,  1,  1, 15},
		{15,  1,  1,  1,  1,  1,  1,  1,  1,  1,  1,  1,  1,  1,  1,  1,  1,  1,  1, 15},
		{15,  1,  1,  1,  1,  1,  1,  1,  1,  1,  1,  1,  1,  1,  1,  1,  1,  1,  1, 15},
		{15,  1,  1,  1,  1,  1,  1,  1,  1,  1,  1,  1,  1,  1,  1,  1,  1,  1,  1, 15},
		{15,  1,  1,  1,  1,  1,  1,  1,  1,  1,  1,  1,  1,  1,  1,  1,  1,  1,  1, 15},
		{15,  1,  1,  1,  1,  1,  1,  1,  1,  1,  1,  1,  1,  1,  1,  1,  1,  1,  1, 15},
		{15,  1,  1,  1,  1,  1,  1,  1,  1,  1,  1,  1,  1,  1,  1,  1,  1,  1,  1, 15},
		{15,  1,  1,  1,  1,  1,  1,  1,  1,  1,  1,  1,  1,  1, 15,  1,  1,  1,  1, 15},
		{15,  1,  1,  1,  1,  1,  1,  1,  1,  1,  1,  1, 15, 15,  1,  1,  1,  1,  1, 15},
		{15,  1,  1,  1,  1,  1,  1,  1,  1,  1,  1,  1,  1,  1,  1,  1,  1,  1,  1, 15},
		{15,  1,  1,  1,  1,  1, 15, 28,  1,  1,  1,  1,  1,  1,  1,  1,  1,  1,  1, 15},
		{15, 15, 15, 15, 15, 15, 15, 15, 15, 15, 15, 15, 15, 15, 15, 15, 15, 15, 15, 15}
	}
}
--string tileset
local tileset = "tileset/example.tset"
--table dynamic
local dynamic = {}
--table environment
local environment = {
	oc = 1,
	friction = 1000,
	gravity = 800,
	tileSize = 16,
	background = "spr/bgtemp.png"
}
--string name
local name = "Test Map"
--table entities
local entity = {
	{type = "player", sprite = "spr/fullsuit.spr", posX = 30, posY = 30}
}

return { layout, tileset, dynamic, environment, name, entity }
